
> dream-homes@0.1.0 build
> next build

Γû▓ Next.js 16.1.5 (Turbopack)
- Environments: .env
- Experiments (use with caution):
  ┬╖ serverActions

  Creating an optimized production build ...
Γ£ô Compiled successfully in 17.2s
  Running TypeScript ...
  Collecting page data using 7 workers ...
  Generating static pages using 7 workers (0/11) ...
[
  {
    id: 138,
    name: 'Luxury Villa',
    description: 'Lorem ipsum dolor sit amet, consectetur adipisicing elit. Facere fuga aspernatur delectus amet commodi, rerum error ipsam. Eum, dolorum provident. Rem consequatur iste obcaecati omnis, hic dolor, id aspernatur blanditiis quisquam provident velit officiis temporibus.',
    type: 'SALE',
    price: 25000000,
    street: '456 Ocean Dr, Indiranagar',
    city: 'Bangalore',
    state: 'KA',
    zipcode: '560038',
    bhk: 'FOUR_BHK',
    area: 5000,
    parking: 'YES',
    preferredTenants: 'FAMILY',
    propertyType: 'INDEPENDENT',
    availableFrom: 2024-07-01T00:00:00.000Z,
    isFeatured: true,
    isSold: false,
    ownerId: 57,
    createdAt: 2026-02-12T11:33:24.238Z,
    updatedAt: 2026-02-12T11:33:24.238Z,
    _count: { messages: 0 },
    images: [ [Object], [Object] ]
  },
  {
    id: 140,
    name: 'Green Meadows',
    description: 'Lorem ipsum dolor sit amet, consectetur adipisicing elit. Facere fuga aspernatur delectus amet commodi, rerum error ipsam. Eum, dolorum provident. Rem consequatur iste obcaecati omnis, hic dolor, id aspernatur blanditiis quisquam provident velit officiis temporibus.',
    type: 'SALE',
    price: 30000000,
    street: '101 Garden St, Jayanagar',
    city: 'Bangalore',
    state: 'KA',
    zipcode: '560041',
    bhk: 'FOUR_BHK',
    area: 4500,
    parking: 'YES',
    preferredTenants: 'FAMILY',
    propertyType: 'INDEPENDENT',
    availableFrom: 2024-07-01T00:00:00.000Z,
    isFeatured: true,
    isSold: false,
    ownerId: 56,
    createdAt: 2026-02-12T11:33:24.271Z,
    updatedAt: 2026-02-12T11:33:24.271Z,
    _count: { messages: 0 },
    images: [ [Object], [Object] ]
  },
  {
    id: 141,
    name: 'Urban Nest',
    description: 'Lorem ipsum dolor sit amet, consectetur adipisicing elit. Facere fuga aspernatur delectus amet commodi, rerum error ipsam. Eum, dolorum provident. Rem consequatur iste obcaecati omnis, hic dolor, id aspernatur blanditiis quisquam provident velit officiis temporibus.',
    type: 'RENT',
    price: 3500,
    street: '202 City Center, MG Road',
    city: 'Bangalore',
    state: 'KA',
    zipcode: '560001',
    bhk: 'TWO_BHK',
    area: 1200,
    parking: 'YES',
    preferredTenants: 'BACHELORS',
    propertyType: 'APARTMENT',
    availableFrom: 2024-07-01T00:00:00.000Z,
    isFeatured: false,
    isSold: false,
    ownerId: 57,
    createdAt: 2026-02-12T11:33:24.281Z,
    updatedAt: 2026-02-12T11:33:24.281Z,
    _count: { messages: 0 },
    images: [ [Object], [Object] ]
  }
]
[
  {
    id: 137,
    name: 'Driftwood Villa',
    description: 'Lorem ipsum dolor sit amet, consectetur adipisicing elit. Facere fuga aspernatur delectus amet commodi, rerum error ipsam. Eum, dolorum provident. Rem consequatur iste obcaecati omnis, hic dolor, id aspernatur blanditiis quisquam provident velit officiis temporibus.',
    type: 'RENT',
    price: 2500,
    street: '123 Main St, Whitefield',
    city: 'Bangalore',
    state: 'KA',
    zipcode: '560066',
    bhk: 'TWO_BHK',
    area: 900,
    parking: 'YES',
    preferredTenants: 'FAMILY',
    propertyType: 'APARTMENT',
    availableFrom: 2024-07-01T00:00:00.000Z,
    isFeatured: true,
    isSold: false,
    ownerId: 56,
    createdAt: 2026-02-12T11:33:24.191Z,
    updatedAt: 2026-02-12T11:33:24.191Z,
    images: [ [Object], [Object] ]
  },
  {
    id: 138,
    name: 'Luxury Villa',
    description: 'Lorem ipsum dolor sit amet, consectetur adipisicing elit. Facere fuga aspernatur delectus amet commodi, rerum error ipsam. Eum, dolorum provident. Rem consequatur iste obcaecati omnis, hic dolor, id aspernatur blanditiis quisquam provident velit officiis temporibus.',
    type: 'SALE',
    price: 25000000,
    street: '456 Ocean Dr, Indiranagar',
    city: 'Bangalore',
    state: 'KA',
    zipcode: '560038',
    bhk: 'FOUR_BHK',
    area: 5000,
    parking: 'YES',
    preferredTenants: 'FAMILY',
    propertyType: 'INDEPENDENT',
    availableFrom: 2024-07-01T00:00:00.000Z,
    isFeatured: true,
    isSold: false,
    ownerId: 57,
    createdAt: 2026-02-12T11:33:24.238Z,
    updatedAt: 2026-02-12T11:33:24.238Z,
    images: [ [Object], [Object] ]
  },
  {
    id: 139,
    name: 'Pineview Cottage',
    description: 'Lorem ipsum dolor sit amet, consectetur adipisicing elit. Facere fuga aspernatur delectus amet commodi, rerum error ipsam. Eum, dolorum provident. Rem consequatur iste obcaecati omnis, hic dolor, id aspernatur blanditiis quisquam provident velit officiis temporibus.',
    type: 'RENT',
    price: 5000,
    street: '789 Skyline Ave, Koramangala',
    city: 'Bangalore',
    state: 'KA',
    zipcode: '560034',
    bhk: 'THREE_BHK',
    area: 2000,
    parking: 'YES',
    preferredTenants: 'FAMILY',
    propertyType: 'APARTMENT',
    availableFrom: 2024-07-01T00:00:00.000Z,
    isFeatured: true,
    isSold: false,
    ownerId: 58,
    createdAt: 2026-02-12T11:33:24.261Z,
    updatedAt: 2026-02-12T11:33:24.261Z,
    images: [ [Object], [Object] ]
  }
]
  Generating static pages using 7 workers (2/11) 
  Generating static pages using 7 workers (5/11) 
  Generating static pages using 7 workers (8/11) 
Γ£ô Generating static pages using 7 workers (11/11) in 903.6ms
  Finalizing page optimization ...

Route (app)
Γöî Γùï /
Γö£ Γùï /_not-found
Γö£ ╞Æ /api/auth/[...nextauth]
Γö£ Γùï /message
Γö£ Γùï /profile
Γö£ Γùï /properties
Γö£ ╞Æ /properties/[id]
Γö£ ╞Æ /properties/[id]/edit
Γö£ Γùï /properties/add
Γö£ Γùï /saved-properties
Γö£ Γùï /search-results
Γöö Γùï /sold-properties


╞Æ Proxy (Middleware)

Γùï  (Static)   prerendered as static content
╞Æ  (Dynamic)  server-rendered on demand

